********* REG DUMP *********
A: 0x30
B: 0x0
C: 0x20
X: 0x0
Y: 0x0
Z: 0x0
I: 0x0
J: 0x0
PC: 0xe
O: 0x0
