********* REG DUMP *********
A: 0x2f
B: 0x31
C: 0x20
X: 0x50
Y: 0x0
Z: 0x0
I: 0x0
J: 0x0
PC: 0xd
O: 0x0
SP: 0xffff
