********* REG DUMP *********
A: 0x0
B: 0x0
C: 0x0
X: 0x20
Y: 0x10
Z: 0x0
I: 0x0
J: 0x0
PC: 0x5
O: 0x0
SP: 0xffff
